interactions:
- request:
    body: null
    headers:
      USER-AGENT: [PubNub-Python-Asyncio/4.0.0]
    method: GET
    uri: http://pubsub.pubnub.com/v1/channel-registration/sub-key/sub-c-33f55052-190b-11e6-bfbc-02ee2ddab7fe/channel-group/channel-groups-tornado-cg
  response:
    body: {string: '{"status": 200, "message": "OK", "service": "channel-registry",
        "error": false}'}
    headers: {ACCEPT-RANGES: bytes, ACCESS-CONTROL-ALLOW-METHODS: GET, ACCESS-CONTROL-ALLOW-ORIGIN: '*',
      AGE: '0', CACHE-CONTROL: no-cache, CONNECTION: keep-alive, CONTENT-LENGTH: '79',
      CONTENT-TYPE: text/javascript; charset="UTF-8", DATE: 'Mon, 15 Aug 2016 14:10:27
        GMT', SERVER: Pubnub}
    status: {code: 200, message: OK}
    url: http://pubsub.pubnub.com/v1/channel-registration/sub-key/sub-c-33f55052-190b-11e6-bfbc-02ee2ddab7fe/channel-group/channel-groups-tornado-cg?uuid=ba46124a-80a4-43f8-8f9f-7fa6f7fdbb4d&add=channel-groups-tornado-ch&pnsdk=PubNub-Python-Asyncio%2F4.0.0
- request:
    body: null
    headers:
      USER-AGENT: [PubNub-Python-Asyncio/4.0.0]
    method: GET
    uri: http://pubsub.pubnub.com/v1/channel-registration/sub-key/sub-c-33f55052-190b-11e6-bfbc-02ee2ddab7fe/channel-group/channel-groups-tornado-cg
  response:
    body: {string: '{"status": 200, "payload": {"channels": ["channel-groups-tornado-ch"],
        "group": "channel-groups-tornado-cg"}, "service": "channel-registry", "error":
        false}'}
    headers: {ACCEPT-RANGES: bytes, ACCESS-CONTROL-ALLOW-METHODS: GET, ACCESS-CONTROL-ALLOW-ORIGIN: '*',
      AGE: '0', CACHE-CONTROL: no-cache, CONNECTION: keep-alive, CONTENT-LENGTH: '156',
      CONTENT-TYPE: text/javascript; charset="UTF-8", DATE: 'Mon, 15 Aug 2016 14:10:28
        GMT', SERVER: Pubnub}
    status: {code: 200, message: OK}
    url: http://pubsub.pubnub.com/v1/channel-registration/sub-key/sub-c-33f55052-190b-11e6-bfbc-02ee2ddab7fe/channel-group/channel-groups-tornado-cg?uuid=ba46124a-80a4-43f8-8f9f-7fa6f7fdbb4d&pnsdk=PubNub-Python-Asyncio%2F4.0.0
- request:
    body: null
    headers:
      USER-AGENT: [PubNub-Python-Asyncio/4.0.0]
    method: GET
    uri: http://pubsub.pubnub.com/v1/channel-registration/sub-key/sub-c-33f55052-190b-11e6-bfbc-02ee2ddab7fe/channel-group/channel-groups-tornado-cg/remove
  response:
    body: {string: '{"status": 200, "message": "OK", "service": "channel-registry",
        "error": false}'}
    headers: {ACCEPT-RANGES: bytes, ACCESS-CONTROL-ALLOW-METHODS: GET, ACCESS-CONTROL-ALLOW-ORIGIN: '*',
      AGE: '0', CACHE-CONTROL: no-cache, CONNECTION: keep-alive, CONTENT-LENGTH: '79',
      CONTENT-TYPE: text/javascript; charset="UTF-8", DATE: 'Mon, 15 Aug 2016 14:10:28
        GMT', SERVER: Pubnub}
    status: {code: 200, message: OK}
    url: http://pubsub.pubnub.com/v1/channel-registration/sub-key/sub-c-33f55052-190b-11e6-bfbc-02ee2ddab7fe/channel-group/channel-groups-tornado-cg/remove?uuid=ba46124a-80a4-43f8-8f9f-7fa6f7fdbb4d&pnsdk=PubNub-Python-Asyncio%2F4.0.0
- request:
    body: null
    headers:
      USER-AGENT: [PubNub-Python-Asyncio/4.0.0]
    method: GET
    uri: http://pubsub.pubnub.com/v1/channel-registration/sub-key/sub-c-33f55052-190b-11e6-bfbc-02ee2ddab7fe/channel-group/channel-groups-tornado-cg
  response:
    body: {string: '{"status": 200, "payload": {"channels": [], "group": "channel-groups-tornado-cg"},
        "service": "channel-registry", "error": false}'}
    headers: {ACCEPT-RANGES: bytes, ACCESS-CONTROL-ALLOW-METHODS: GET, ACCESS-CONTROL-ALLOW-ORIGIN: '*',
      AGE: '0', CACHE-CONTROL: no-cache, CONNECTION: keep-alive, CONTENT-LENGTH: '129',
      CONTENT-TYPE: text/javascript; charset="UTF-8", DATE: 'Mon, 15 Aug 2016 14:10:29
        GMT', SERVER: Pubnub}
    status: {code: 200, message: OK}
    url: http://pubsub.pubnub.com/v1/channel-registration/sub-key/sub-c-33f55052-190b-11e6-bfbc-02ee2ddab7fe/channel-group/channel-groups-tornado-cg?uuid=ba46124a-80a4-43f8-8f9f-7fa6f7fdbb4d&pnsdk=PubNub-Python-Asyncio%2F4.0.0
version: 1
